C:\Users\sgouezel_A\Desktop\lftcm2020\src\exercises_sources\wednesday\algebraic_hierarchy.lean:108:0: warning: declaration 'lftcm.group.mul_left_cancel' uses sorry
C:\Users\sgouezel_A\Desktop\lftcm2020\src\exercises_sources\thursday\order.lean:93:0: warning: declaration 'subgp.ext_iff' uses sorry
C:\Users\sgouezel_A\Desktop\lftcm2020\src\exercises_sources\wednesday\algebraic_hierarchy.lean:123:0: warning: declaration 'lftcm.group.mul_eq_of_eq_inv_mul' uses sorry
C:\Users\sgouezel_A\Desktop\lftcm2020\src\exercises_sources\wednesday\algebraic_hierarchy.lean:178:8: warning: declaration 'lftcm.group.mul_right_inv' uses sorry
C:\Users\sgouezel_A\Desktop\lftcm2020\src\exercises_sources\wednesday\algebraic_hierarchy.lean:193:8: warning: declaration 'lftcm.group.one_inv' uses sorry
C:\Users\sgouezel_A\Desktop\lftcm2020\src\exercises_sources\wednesday\algebraic_hierarchy.lean:211:8: warning: declaration 'lftcm.group.inv_mul_cancel_left' uses sorry
C:\Users\sgouezel_A\Desktop\lftcm2020\src\exercises_sources\wednesday\algebraic_hierarchy.lean:198:8: warning: declaration 'lftcm.group.inv_inv' uses sorry
C:\Users\sgouezel_A\Desktop\lftcm2020\src\exercises_sources\wednesday\algebraic_hierarchy.lean:216:8: warning: declaration 'lftcm.group.mul_inv_cancel_left' uses sorry
C:\Users\sgouezel_A\Desktop\lftcm2020\src\exercises_sources\wednesday\algebraic_hierarchy.lean:223:8: warning: declaration 'lftcm.group.mul_inv_rev' uses sorry
C:\Users\sgouezel_A\Desktop\lftcm2020\src\exercises_sources\thursday\groups_rings_fields.lean:180:0: warning: declaration '[anonymous]' uses sorry
polynomial.coeff : polynomial ?M_1 ÔåÆ Ôäò ÔåÆ ?M_1
C:\Users\sgouezel_A\Desktop\lftcm2020\src\solutions\thursday\groups_rings_fields.lean:180:0: warning: declaration '[anonymous]' uses sorry
polynomial.coeff : polynomial ?M_1 ÔåÆ Ôäò ÔåÆ ?M_1
C:\Users\sgouezel_A\Desktop\lftcm2020\src\exercises_sources\tuesday\numbers.lean:22:0: warning: declaration '[anonymous]' uses sorry
C:\Users\sgouezel_A\Desktop\lftcm2020\src\exercises_sources\tuesday\numbers.lean:27:0: warning: declaration '[anonymous]' uses sorry
C:\Users\sgouezel_A\Desktop\lftcm2020\src\exercises_sources\tuesday\numbers.lean:32:0: warning: declaration '[anonymous]' uses sorry
C:\Users\sgouezel_A\Desktop\lftcm2020\src\exercises_sources\tuesday\numbers.lean:38:0: warning: declaration '[anonymous]' uses sorry
C:\Users\sgouezel_A\Desktop\lftcm2020\src\exercises_sources\tuesday\numbers.lean:44:0: warning: declaration '[anonymous]' uses sorry
C:\Users\sgouezel_A\Desktop\lftcm2020\src\exercises_sources\tuesday\numbers.lean:49:0: warning: declaration '[anonymous]' uses sorry
C:\Users\sgouezel_A\Desktop\lftcm2020\src\exercises_sources\tuesday\numbers.lean:54:0: warning: declaration '[anonymous]' uses sorry
C:\Users\sgouezel_A\Desktop\lftcm2020\src\exercises_sources\thursday\groups_rings_fields.lean:224:0: warning: declaration 'add_subgroup.normal_of_add_comm_group' uses sorry
C:\Users\sgouezel_A\Desktop\lftcm2020\src\exercises_sources\tuesday\numbers.lean:59:0: warning: declaration '[anonymous]' uses sorry
C:\Users\sgouezel_A\Desktop\lftcm2020\src\exercises_sources\tuesday\numbers.lean:64:0: warning: declaration '[anonymous]' uses sorry
fpow_le_of_le : 1 Ôëñ ?M_3 ÔåÆ ÔêÇ {a b : Ôäñ}, a Ôëñ b ÔåÆ ?M_3 ^ a Ôëñ ?M_3 ^ b
C:\Users\sgouezel_A\Desktop\lftcm2020\src\exercises_sources\tuesday\numbers.lean:84:7: error: unknown identifier 'fpow_nonneg_of_nonneg'
padic_val_rat_of_int :
  ÔêÇ (z : Ôäñ) (hp : ?M_1 Ôëá 1) (hz : z Ôëá 0), padic_val_rat ?M_1 Ôåæz = Ôåæ((multiplicity Ôåæ?M_1 z).get _)
C:\Users\sgouezel_A\Desktop\lftcm2020\src\exercises_sources\thursday\groups_rings_fields.lean:245:0: warning: declaration 'algebra.is_algebraic_of_finite_dimensional' uses sorry
C:\Users\sgouezel_A\Desktop\lftcm2020\src\exercises_sources\wednesday\algebraic_hierarchy.lean:247:0: warning: declaration 'lftcm.group.prod.group' uses sorry
C:\Users\sgouezel_A\Desktop\lftcm2020\src\exercises_sources\tuesday\numbers.lean:125:0: warning: declaration '[anonymous]' uses sorry
sub_le_iff_le_add : ?M_3 - ?M_5 Ôëñ ?M_4 Ôåö ?M_3 Ôëñ ?M_4 + ?M_5
add_le_add_iff_left : ÔêÇ (a : ?M_1) {b c : ?M_1}, a + b Ôëñ a + c Ôåö b Ôëñ c
div_le_iff : 0 < ?M_4 ÔåÆ (?M_3 / ?M_4 Ôëñ ?M_5 Ôåö ?M_3 Ôëñ ?M_5 * ?M_4)
C:\Users\sgouezel_A\Desktop\lftcm2020\src\exercises_sources\thursday\groups_rings_fields.lean:279:0: warning: declaration 'frobenius_hom' uses sorry
mul_one_div_cancel : ?M_3 Ôëá 0 ÔåÆ ?M_3 * (1 / ?M_3) = 1
C:\Users\sgouezel_A\Desktop\lftcm2020\src\exercises_sources\thursday\groups_rings_fields.lean:263:0: warning: declaration 'add_pow_char'' uses sorry
fpow_le_of_le : 1 Ôëñ ?M_3 ÔåÆ ÔêÇ {a b : Ôäñ}, a Ôëñ b ÔåÆ ?M_3 ^ a Ôëñ ?M_3 ^ b
charted_space (euclidean_half_space 1) ÔåÑ(Icc 0 1) : Type
mul_le_mul_left : 0 < ?M_5 ÔåÆ (?M_5 * ?M_3 Ôëñ ?M_5 * ?M_4 Ôåö ?M_3 Ôëñ ?M_4)
C:\Users\sgouezel_A\Desktop\lftcm2020\src\exercises_sources\thursday\order.lean:155:0: warning: declaration 'subgp.top' uses sorry
fpow_nonneg : 0 Ôëñ ?M_3 ÔåÆ ÔêÇ (z : Ôäñ), 0 Ôëñ ?M_3 ^ z
has_groupoid ÔåÑ(Icc 0 1) (times_cont_diff_groupoid Ôèñ (­ØôíÔêé 1)) : Prop
padic_val_rat_of_int :
  ÔêÇ (z : Ôäñ) (hp : ?M_1 Ôëá 1) (hz : z Ôëá 0), padic_val_rat ?M_1 Ôåæz = Ôåæ((multiplicity Ôåæ?M_1 z).get _)
smooth_manifold_with_corners (­ØôíÔêé 1) ÔåÑ(Icc 0 1) : Prop
C:\Users\sgouezel_A\Desktop\lftcm2020\src\exercises_sources\thursday\order.lean:186:0: warning: declaration 'subgp.inf' uses sorry
structure_groupoid.maximal_atlas ÔåÑ(Icc 0 1) (times_cont_diff_groupoid Ôèñ (­ØôíÔêé 1)) :
  set (local_homeomorph ÔåÑ(Icc 0 1) (euclidean_half_space 1))
C:\Users\sgouezel_A\Desktop\lftcm2020\src\exercises_sources\tuesday\numbers.lean:170:0: warning: declaration '[anonymous]' uses sorry
C:\Users\sgouezel_A\Desktop\lftcm2020\src\exercises_sources\thursday\groups_rings_fields.lean:330:0: warning: declaration 'polynomial.is_unit_of_is_unit_leading_coeff_of_is_unit_map'' uses sorry
C:\Users\sgouezel_A\Desktop\lftcm2020\src\exercises_sources\tuesday\numbers.lean:88:0: warning: declaration '[anonymous]' uses sorry
sub_le_iff_le_add : ?M_3 - ?M_5 Ôëñ ?M_4 Ôåö ?M_3 Ôëñ ?M_4 + ?M_5
C:\Users\sgouezel_A\Desktop\lftcm2020\src\exercises_sources\thursday\groups_rings_fields.lean:347:0: warning: declaration 'polynomial.irreducible_of_irreducible_mod_prime' uses sorry
C:\Users\sgouezel_A\Desktop\lftcm2020\src\exercises_sources\thursday\order.lean:206:0: warning: declaration 'subgp.le_top' uses sorry
add_le_add_iff_left : ÔêÇ (a : ?M_1) {b c : ?M_1}, a + b Ôëñ a + c Ôåö b Ôëñ c
div_le_iff : 0 < ?M_4 ÔåÆ (?M_3 / ?M_4 Ôëñ ?M_5 Ôåö ?M_3 Ôëñ ?M_5 * ?M_4)
C:\Users\sgouezel_A\Desktop\lftcm2020\src\exercises_sources\thursday\order.lean:219:0: warning: declaration 'subgp.inf_le_right' uses sorry
C:\Users\sgouezel_A\Desktop\lftcm2020\src\exercises_sources\friday\manifolds.lean:105:0: warning: declaration 'sphere.smooth_manifold_with_corners' uses sorry
mul_one_div_cancel : ?M_3 Ôëá 0 ÔåÆ ?M_3 * (1 / ?M_3) = 1
C:\Users\sgouezel_A\Desktop\lftcm2020\src\exercises_sources\thursday\order.lean:224:0: warning: declaration 'subgp.le_inf' uses sorry
C:\Users\sgouezel_A\Desktop\lftcm2020\src\exercises_sources\thursday\order.lean:256:0: warning: declaration 'subgp.Inf' uses sorry
mul_le_mul_left : 0 < ?M_5 ÔåÆ (?M_5 * ?M_3 Ôëñ ?M_5 * ?M_4 Ôåö ?M_3 Ôëñ ?M_4)
C:\Users\sgouezel_A\Desktop\lftcm2020\src\exercises_sources\thursday\groups_rings_fields.lean:405:0: warning: declaration '[anonymous]' uses sorry
C:\Users\sgouezel_A\Desktop\lftcm2020\src\exercises_sources\thursday\groups_rings_fields.lean:410:0: warning: declaration '[anonymous]' uses sorry
C:\Users\sgouezel_A\Desktop\lftcm2020\src\exercises_sources\thursday\order.lean:283:0: warning: declaration 'subgp.complete_lattice' uses sorry
C:\Users\sgouezel_A\Desktop\lftcm2020\src\exercises_sources\friday\manifolds.lean:99:0: warning: declaration 'sphere.charted_space' uses sorry
C:\Users\sgouezel_A\Desktop\lftcm2020\src\exercises_sources\thursday\order.lean:346:0: warning: declaration 'subgp.monotone_carrier' uses sorry
C:\Users\sgouezel_A\Desktop\lftcm2020\src\exercises_sources\thursday\order.lean:349:0: warning: declaration 'subgp.monotone_span' uses sorry
C:\Users\sgouezel_A\Desktop\lftcm2020\src\exercises_sources\thursday\order.lean:352:0: warning: declaration 'subgp.subset_span' uses sorry
C:\Users\sgouezel_A\Desktop\lftcm2020\src\exercises_sources\thursday\groups_rings_fields.lean:418:0: warning: declaration '[anonymous]' uses sorry
C:\Users\sgouezel_A\Desktop\lftcm2020\src\exercises_sources\thursday\order.lean:357:0: warning: declaration 'subgp.span_subgp' uses sorry
C:\Users\sgouezel_A\Desktop\lftcm2020\src\exercises_sources\thursday\groups_rings_fields.lean:432:0: warning: declaration 'deligne' uses sorry
C:\Users\sgouezel_A\Desktop\lftcm2020\src\exercises_sources\friday\manifolds.lean:116:0: warning: declaration 'inc_smooth' uses sorry
C:\Users\sgouezel_A\Desktop\lftcm2020\src\solutions\thursday\groups_rings_fields.lean:518:0: warning: declaration 'deligne' uses sorry
C:\Users\sgouezel_A\Desktop\lftcm2020\src\exercises_sources\thursday\order.lean:408:0: warning: declaration 'topological_space.generate_from' uses sorry
C:\Users\sgouezel_A\Desktop\lftcm2020\src\exercises_sources\friday\manifolds.lean:160:0: warning: declaration 'sphere_eversion' uses sorry
C:\Users\sgouezel_A\Desktop\lftcm2020\src\exercises_sources\friday\manifolds.lean:254:8: warning: declaration 'neg_mem_Ioo_minus_one_one' uses sorry
C:\Users\sgouezel_A\Desktop\lftcm2020\src\exercises_sources\wednesday\algebraic_hierarchy.lean:486:0: warning: declaration 'lftcm.ring.mul_neg' uses sorry
C:\Users\sgouezel_A\Desktop\lftcm2020\src\exercises_sources\friday\manifolds.lean:262:0: warning: declaration 'my_first_local_homeo' uses sorry
continuous_on.congr : continuous_on ?M_5 ?M_7 ÔåÆ eq_on ?M_6 ?M_5 ?M_7 ÔåÆ continuous_on ?M_6 ?M_7
C:\Users\sgouezel_A\Desktop\lftcm2020\src\exercises_sources\wednesday\algebraic_hierarchy.lean:491:0: warning: declaration 'lftcm.ring.mul_sub' uses sorry
C:\Users\sgouezel_A\Desktop\lftcm2020\src\exercises_sources\thursday\order.lean:433:0: warning: declaration 'topological_space.monotone_is_open' uses sorry
C:\Users\sgouezel_A\Desktop\lftcm2020\src\exercises_sources\wednesday\algebraic_hierarchy.lean:496:0: warning: declaration 'lftcm.comm_ring.sub_mul' uses sorry
C:\Users\sgouezel_A\Desktop\lftcm2020\src\exercises_sources\thursday\order.lean:439:0: warning: declaration 'topological_space.monotone_span' uses sorry
C:\Users\sgouezel_A\Desktop\lftcm2020\src\exercises_sources\friday\manifolds.lean:290:0: warning: declaration 'ne_3_of_mem_Ioo' uses sorry
local_homeomorph.eq_on_source : local_homeomorph ?M_1 ?M_2 ÔåÆ local_homeomorph ?M_1 ?M_2 ÔåÆ Prop
C:\Users\sgouezel_A\Desktop\lftcm2020\src\exercises_sources\thursday\order.lean:445:0: warning: declaration 'topological_space.subset_forget' uses sorry
C:\Users\sgouezel_A\Desktop\lftcm2020\src\exercises_sources\thursday\order.lean:451:0: warning: declaration 'topological_space.generate_forget' uses sorry
charted_space_self ÔäØ : charted_space ÔäØ ÔäØ
C:\Users\sgouezel_A\Desktop\lftcm2020\src\exercises_sources\friday\manifolds.lean:295:0: warning: declaration 'neg_ne_3_of_mem_Ioo' uses sorry
C:\Users\sgouezel_A\Desktop\lftcm2020\src\exercises_sources\friday\manifolds.lean:304:0: warning: declaration 'my_second_local_homeo' uses sorry
C:\Users\sgouezel_A\Desktop\lftcm2020\src\exercises_sources\friday\manifolds.lean:324:0: warning: declaration 'my_first_local_homeo_ne_my_second_local_homeo' uses sorry
C:\Users\sgouezel_A\Desktop\lftcm2020\src\exercises_sources\friday\manifolds.lean:335:0: warning: declaration 'eq_on_source_my_first_local_homeo_my_second_local_homeo' uses sorry
C:\Users\sgouezel_A\Desktop\lftcm2020\src\exercises_sources\friday\manifolds.lean:359:0: warning: declaration 'myÔäØ.charted_space' uses sorry
C:\Users\sgouezel_A\Desktop\lftcm2020\src\exercises_sources\friday\manifolds.lean:391:0: warning: declaration 'smooth_myÔäØ' uses sorry
C:\Users\sgouezel_A\Desktop\lftcm2020\src\exercises_sources\friday\manifolds.lean:425:0: warning: declaration 'continuous_my_map' uses sorry
tangent_bundle ­Øôí1 myÔäØ : Type
C:\Users\sgouezel_A\Desktop\lftcm2020\src\exercises_sources\friday\manifolds.lean:465:0: warning: declaration 'tangent_bundle_myÔäØ' uses sorry
tangent_bundle.charted_space ­Øôí1 myÔäØ : charted_space (model_prod ÔäØ ÔäØ) (tangent_bundle ­Øôí1 myÔäØ)
C:\Users\sgouezel_A\Desktop\lftcm2020\src\exercises_sources\friday\manifolds.lean:479:0: warning: declaration 'times_cont_mdiff_tangent_map_my_map' uses sorry
C:\Users\sgouezel_A\Desktop\lftcm2020\src\exercises_sources\friday\manifolds.lean:498:0: warning: declaration 'my_homeo' uses sorry
C:\Users\sgouezel_A\Desktop\lftcm2020\src\exercises_sources\friday\manifolds.lean:521:0: warning: declaration 'tangent_bundle_myÔäØ_is_prod' uses sorry
C:\Users\sgouezel_A\Desktop\lftcm2020\src\exercises_sources\friday\manifolds.lean:541:0: warning: declaration 'tangent_bundle_vector_space_triv' uses sorry
C:\Users\sgouezel_A\Desktop\lftcm2020\src\exercises_sources\friday\manifolds.lean:561:0: warning: declaration 'crazy_formula_after_identifications' uses sorry
C:\Users\sgouezel_A\Desktop\lftcm2020\src\exercises_sources\friday\manifolds.lean:600:0: warning: declaration 'diffeomorph_of_one_dim_compact_connected' uses sorry
C:\Users\sgouezel_A\Desktop\lftcm2020\src\exercises_sources\friday\manifolds.lean:585:0: warning: declaration 'diffeomorph_of_zero_dim_connected' uses sorry
C:\Users\sgouezel_A\Desktop\lftcm2020\src\exercises_sources\friday\manifolds.lean:441:0: warning: declaration 'times_cont_mdiff_my_map' uses sorry
C:\Users\sgouezel_A\Desktop\lftcm2020\src\exercises_sources\friday\manifolds.lean:618:0: warning: declaration 'connected_sphere' uses sorry
compact_iff_compact_space : is_compact ?M_3 Ôåö compact_space ÔåÑ?M_3
metric.compact_iff_closed_bounded : is_compact ?M_3 Ôåö is_closed ?M_3 Ôêº metric.bounded ?M_3
C:\Users\sgouezel_A\Desktop\lftcm2020\src\exercises_sources\friday\manifolds.lean:625:0: warning: declaration 'sphere.t2_space' uses sorry
C:\Users\sgouezel_A\Desktop\lftcm2020\src\exercises_sources\friday\manifolds.lean:630:0: warning: declaration 'sphere.compact_space' uses sorry
C:\Users\sgouezel_A\Desktop\lftcm2020\src\exercises_sources\friday\manifolds.lean:653:0: warning: declaration 'exotic_ÔäØ4' uses sorry
C:\Users\sgouezel_A\Desktop\lftcm2020\src\exercises_sources\friday\manifolds.lean:638:0: warning: declaration 'diffeomorph_circle_of_one_dim_compact_connected' uses sorry
pi_Lp.times_cont_diff_coord :
  ÔêÇ (i : ?M_3) [_inst_3 : ╬á (i : ?M_3), normed_group (?M_7 i)] [_inst_4 : ╬á (i : ?M_3), normed_space ?M_1 (?M_7 i)],
    times_cont_diff ?M_1 ?M_8 (╬╗ (x : pi_Lp ?M_5 ?M_6 ?M_7), x i)
pi_Lp.times_cont_diff_on_iff_coord :
  times_cont_diff_on ?M_1 ?M_8 ?M_14 ?M_15 Ôåö
    ÔêÇ (i : ?M_3), times_cont_diff_on ?M_1 ?M_8 (╬╗ (x : ?M_11), ?M_14 x i) ?M_15
C:\Users\sgouezel_A\Desktop\lftcm2020\src\exercises_sources\friday\manifolds.lean:758:0: warning: declaration 'times_cont_mdiff_g' uses sorry
C:\Users\sgouezel_A\Desktop\lftcm2020\src\exercises_sources\friday\manifolds.lean:763:0: warning: declaration 'msmooth_of_smooth' uses sorry
C:\Users\sgouezel_A\Desktop\lftcm2020\src\exercises_sources\friday\manifolds.lean:773:0: warning: declaration 'times_cont_mdiff_on_f' uses sorry
C:\Users\sgouezel_A\Desktop\lftcm2020\src\exercises_sources\friday\manifolds.lean:778:0: warning: declaration 'fog' uses sorry
C:\Users\sgouezel_A\Desktop\lftcm2020\src\exercises_sources\friday\manifolds.lean:783:0: warning: declaration 'gof' uses sorry
C:\Users\sgouezel_A\Desktop\lftcm2020\src\exercises_sources\friday\manifolds.lean:791:0: warning: declaration 'continuous_G' uses sorry
C:\Users\sgouezel_A\Desktop\lftcm2020\src\exercises_sources\friday\manifolds.lean:800:0: warning: declaration 'continuous_F' uses sorry
C:\Users\sgouezel_A\Desktop\lftcm2020\src\exercises_sources\friday\manifolds.lean:805:0: warning: declaration 'FoG' uses sorry
C:\Users\sgouezel_A\Desktop\lftcm2020\src\exercises_sources\friday\manifolds.lean:810:0: warning: declaration 'GoF' uses sorry
C:\Users\sgouezel_A\Desktop\lftcm2020\src\exercises_sources\friday\manifolds.lean:815:0: warning: declaration 'my_tangent_homeo' uses sorry
